// Jest Snapshot v1, https://goo.gl/fbAQLP

exports[`Header test 1`] = `
<div
  className="mb-to-sm-0 mb-from-sm-3"
>
  <Base
    position="top"
  >
    <div>
      <A
        href="/communities"
        to="/communities"
      >
        <Button
          isLink={true}
        >
          <FormattedMessage
            id="app.common.communities"
            values={Object {}}
          />
        </Button>
      </A>
      <A
        href="/communities/suggested"
        to="/communities/suggested"
      >
        <Button
          isLink={true}
        >
          <FormattedMessage
            id="app.containers.Communities.voting"
            values={Object {}}
          />
        </Button>
      </A>
    </div>
    <div
      className="right-panel"
    >
      <Button
        className="d-flex align-items-center"
        id="app_Communities_GO_TO_CREATE_COMMUNITY_SCREEN_BUTTON_ID_header"
        onClick={[MockFunction]}
      >
        <img
          alt="icon"
          className="d-none d-sm-inline-block"
          src="IMAGE_MOCK"
        />
        <IconSm
          className="d-inline-flex d-sm-none"
          icon="IMAGE_MOCK"
        />
        <span
          className="ml-1"
        >
          <FormattedMessage
            id="app.containers.Communities.suggestCommunity"
            values={Object {}}
          />
        </span>
      </Button>
    </div>
  </Base>
  <UNDEFINED
    languages={
      Object {
        "all": Object {
          "message": Object {
            "id": "app.common.all",
          },
          "sortBy": "",
        },
        "en": Object {
          "message": Object {
            "id": "app.common.en",
          },
          "sortBy": "en",
        },
      }
    }
  />
</div>
`;
