// Jest Snapshot v1, https://goo.gl/fbAQLP

exports[`Users render 1`] = `
<React.Fragment>
  <UNDEFINED
    description="Users: description"
    language="en"
    title="Users"
  />
  <UNDEFINED
    dropdownFilter={[Function]}
    getMoreUsers={[Function]}
    inputFilter={[Function]}
    isLastFetch={false}
    locale="en"
    searchText="user1"
    sorting="id"
    users={Array []}
    usersLoading={false}
  />
</React.Fragment>
`;

exports[`Users should render and match the snapshot 1`] = `
<div>
  <div
    class="HeightWidthCentered__Wrapper-hb2oln-0 hvbKrn"
  >
    <div
      class="d-flex"
    >
      <div
        class="Circle-jolu9z-0 czelAb"
      />
      <div
        class="Circle-jolu9z-0 dCZrqO"
      />
      <div
        class="Circle-jolu9z-0 dNCZdJ"
      />
      <div
        class="Circle-jolu9z-0 kgVfzR"
      />
      <div
        class="Circle-jolu9z-0 gaWZkN"
      />
    </div>
  </div>
</div>
`;
