// Jest Snapshot v1, https://goo.gl/fbAQLP

exports[`Profile should render and match the snapshot 1`] = `
<div>
  Children
</div>
`;
