// Jest Snapshot v1, https://goo.gl/fbAQLP

exports[`EditAnswer should render and match the snapshot answerLoading is false 1`] = `
<div>
  children
</div>
`;

exports[`EditAnswer should render and match the snapshot answerLoading is true 1`] = `
<div>
  children
</div>
`;
