// Jest Snapshot v1, https://goo.gl/fbAQLP

exports[`<ShowActiveKey /> render 1`] = `
<React.Fragment>
  <UNDEFINED
    closeModal={[MockFunction]}
    show={true}
  >
    <ReduxForm
      locale="en"
      showActiveKey={[MockFunction]}
      showActiveKeyProcessing={false}
    />
  </UNDEFINED>
  <Button
    onClick={[MockFunction]}
  />
</React.Fragment>
`;
