// Jest Snapshot v1, https://goo.gl/fbAQLP

exports[`<EosioProvider /> should render and match the snapshot initializing is false 1`] = `
<div>
  children
</div>
`;

exports[`<EosioProvider /> should render and match the snapshot initializing is true 1`] = `
<div>
  children
</div>
`;
