// Jest Snapshot v1, https://goo.gl/fbAQLP

exports[`<Header /> snapshot test 1`] = `
<InjectIntl(Component)
  account="account"
  profileInfo={Object {}}
  showLoginModalDispatch={[MockFunction]}
/>
`;
