// Jest Snapshot v1, https://goo.gl/fbAQLP

exports[`<ChangeEmail /> render 1`] = `
<React.Fragment>
  <UNDEFINED
    closeModal={[MockFunction]}
    show={false}
  />
  <Button
    onClick={[MockFunction]}
  />
</React.Fragment>
`;
