// Jest Snapshot v1, https://goo.gl/fbAQLP

exports[`<Tags /> should render and match the snapshot !currentCommunity.tags.length 1`] = `
<div>
  Children
</div>
`;

exports[`<Tags /> should render and match the snapshot currentCommunity.tags.length > 0 1`] = `
<div>
  Children
</div>
`;
