// Jest Snapshot v1, https://goo.gl/fbAQLP

exports[`Questions should render and match the snapshot @questionsLoading is false 1`] = `
<div>
  Children
</div>
`;

exports[`Questions should render and match the snapshot @questionsLoading is true 1`] = `
<div>
  Children
</div>
`;
