// Jest Snapshot v1, https://goo.gl/fbAQLP

exports[`<ViewQuestion /> should render and match the snapshot !@questionDataLoading && !@questionData 1`] = `
<div>
  <div
    class="HeightWidthCentered__Wrapper-hb2oln-0 hvbKrn"
  >
    <div
      class="d-flex"
    >
      <div
        class="Circle-jolu9z-0 czelAb"
      />
      <div
        class="Circle-jolu9z-0 dCZrqO"
      />
      <div
        class="Circle-jolu9z-0 dNCZdJ"
      />
      <div
        class="Circle-jolu9z-0 kgVfzR"
      />
      <div
        class="Circle-jolu9z-0 gaWZkN"
      />
    </div>
  </div>
</div>
`;

exports[`<ViewQuestion /> should render and match the snapshot !@questionDataLoading && @questionData 1`] = `
<div>
  <div
    class="HeightWidthCentered__Wrapper-hb2oln-0 hvbKrn"
  >
    <div
      class="d-flex"
    >
      <div
        class="Circle-jolu9z-0 czelAb"
      />
      <div
        class="Circle-jolu9z-0 dCZrqO"
      />
      <div
        class="Circle-jolu9z-0 dNCZdJ"
      />
      <div
        class="Circle-jolu9z-0 kgVfzR"
      />
      <div
        class="Circle-jolu9z-0 gaWZkN"
      />
    </div>
  </div>
</div>
`;

exports[`<ViewQuestion /> should render and match the snapshot @questionDataLoading is true 1`] = `
<div>
  <div
    class="HeightWidthCentered__Wrapper-hb2oln-0 hvbKrn"
  >
    <div
      class="d-flex"
    >
      <div
        class="Circle-jolu9z-0 czelAb"
      />
      <div
        class="Circle-jolu9z-0 dCZrqO"
      />
      <div
        class="Circle-jolu9z-0 dNCZdJ"
      />
      <div
        class="Circle-jolu9z-0 kgVfzR"
      />
      <div
        class="Circle-jolu9z-0 gaWZkN"
      />
    </div>
  </div>
</div>
`;
