// Jest Snapshot v1, https://goo.gl/fbAQLP

exports[`<AccountProvider /> should render and match the snapshot 1`] = `<div />`;
